// Vitest Snapshot v1, https://vitest.dev/guide/snapshot.html

exports[`Title > toMatchSnapshot 1`] = `
<div>
  <h1>
    상품 리스트
  </h1>
</div>
`;
